// Jest Snapshot v1, https://goo.gl/fbAQLP

exports[`#Dates render 1`] = `
<Select
  id="kek-date"
  onChange={[MockFunction]}
  value="1"
>
  <option
    key="1"
    value={1}
  >
    1
  </option>
  <option
    key="2"
    value={2}
  >
    2
  </option>
  <option
    key="3"
    value={3}
  >
    3
  </option>
  <option
    key="4"
    value={4}
  >
    4
  </option>
  <option
    key="5"
    value={5}
  >
    5
  </option>
  <option
    key="6"
    value={6}
  >
    6
  </option>
  <option
    key="7"
    value={7}
  >
    7
  </option>
  <option
    key="8"
    value={8}
  >
    8
  </option>
  <option
    key="9"
    value={9}
  >
    9
  </option>
  <option
    key="10"
    value={10}
  >
    10
  </option>
  <option
    key="11"
    value={11}
  >
    11
  </option>
  <option
    key="12"
    value={12}
  >
    12
  </option>
  <option
    key="13"
    value={13}
  >
    13
  </option>
  <option
    key="14"
    value={14}
  >
    14
  </option>
  <option
    key="15"
    value={15}
  >
    15
  </option>
  <option
    key="16"
    value={16}
  >
    16
  </option>
  <option
    key="17"
    value={17}
  >
    17
  </option>
  <option
    key="18"
    value={18}
  >
    18
  </option>
  <option
    key="19"
    value={19}
  >
    19
  </option>
  <option
    key="20"
    value={20}
  >
    20
  </option>
  <option
    key="21"
    value={21}
  >
    21
  </option>
  <option
    key="22"
    value={22}
  >
    22
  </option>
  <option
    key="23"
    value={23}
  >
    23
  </option>
  <option
    key="24"
    value={24}
  >
    24
  </option>
  <option
    key="25"
    value={25}
  >
    25
  </option>
  <option
    key="26"
    value={26}
  >
    26
  </option>
  <option
    key="27"
    value={27}
  >
    27
  </option>
  <option
    key="28"
    value={28}
  >
    28
  </option>
  <option
    key="29"
    value={29}
  >
    29
  </option>
  <option
    key="30"
    value={30}
  >
    30
  </option>
  <option
    key="31"
    value={31}
  >
    31
  </option>
</Select>
`;
