// Jest Snapshot v1, https://goo.gl/fbAQLP

exports[`#InputDate render mmddyyyy 1`] = `
<Flex
  direction="row"
  x="space-between"
  y="flex-start"
>
  <React.Fragment>
    <InputDate__SelectContainer>
      <Select
        id="test-month"
        onChange={[Function]}
        value="1"
      >
        <option
          key="0"
          value={0}
        >
          <Text
            html={false}
            t="January"
            values={Object {}}
          />
        </option>
        <option
          key="1"
          value={1}
        >
          <Text
            html={false}
            t="February"
            values={Object {}}
          />
        </option>
        <option
          key="2"
          value={2}
        >
          <Text
            html={false}
            t="March"
            values={Object {}}
          />
        </option>
        <option
          key="3"
          value={3}
        >
          <Text
            html={false}
            t="April"
            values={Object {}}
          />
        </option>
        <option
          key="4"
          value={4}
        >
          <Text
            html={false}
            t="May"
            values={Object {}}
          />
        </option>
        <option
          key="5"
          value={5}
        >
          <Text
            html={false}
            t="June"
            values={Object {}}
          />
        </option>
        <option
          key="6"
          value={6}
        >
          <Text
            html={false}
            t="July"
            values={Object {}}
          />
        </option>
        <option
          key="7"
          value={7}
        >
          <Text
            html={false}
            t="August"
            values={Object {}}
          />
        </option>
        <option
          key="8"
          value={8}
        >
          <Text
            html={false}
            t="September"
            values={Object {}}
          />
        </option>
        <option
          key="9"
          value={9}
        >
          <Text
            html={false}
            t="October"
            values={Object {}}
          />
        </option>
        <option
          key="10"
          value={10}
        >
          <Text
            html={false}
            t="November"
            values={Object {}}
          />
        </option>
        <option
          key="11"
          value={11}
        >
          <Text
            html={false}
            t="December"
            values={Object {}}
          />
        </option>
      </Select>
    </InputDate__SelectContainer>
    <InputDate__SelectContainer>
      <Select
        id="test-date"
        onChange={[Function]}
        value="1"
      >
        <option
          key="1"
          value={1}
        >
          1
        </option>
        <option
          key="2"
          value={2}
        >
          2
        </option>
        <option
          key="3"
          value={3}
        >
          3
        </option>
        <option
          key="4"
          value={4}
        >
          4
        </option>
        <option
          key="5"
          value={5}
        >
          5
        </option>
        <option
          key="6"
          value={6}
        >
          6
        </option>
        <option
          key="7"
          value={7}
        >
          7
        </option>
        <option
          key="8"
          value={8}
        >
          8
        </option>
        <option
          key="9"
          value={9}
        >
          9
        </option>
        <option
          key="10"
          value={10}
        >
          10
        </option>
        <option
          key="11"
          value={11}
        >
          11
        </option>
        <option
          key="12"
          value={12}
        >
          12
        </option>
        <option
          key="13"
          value={13}
        >
          13
        </option>
        <option
          key="14"
          value={14}
        >
          14
        </option>
        <option
          key="15"
          value={15}
        >
          15
        </option>
        <option
          key="16"
          value={16}
        >
          16
        </option>
        <option
          key="17"
          value={17}
        >
          17
        </option>
        <option
          key="18"
          value={18}
        >
          18
        </option>
        <option
          key="19"
          value={19}
        >
          19
        </option>
        <option
          key="20"
          value={20}
        >
          20
        </option>
        <option
          key="21"
          value={21}
        >
          21
        </option>
        <option
          key="22"
          value={22}
        >
          22
        </option>
        <option
          key="23"
          value={23}
        >
          23
        </option>
        <option
          key="24"
          value={24}
        >
          24
        </option>
        <option
          key="25"
          value={25}
        >
          25
        </option>
        <option
          key="26"
          value={26}
        >
          26
        </option>
        <option
          key="27"
          value={27}
        >
          27
        </option>
        <option
          key="28"
          value={28}
        >
          28
        </option>
      </Select>
    </InputDate__SelectContainer>
  </React.Fragment>
  <InputDate__SelectContainer>
    <Select
      id="test-year"
      onChange={[Function]}
      value="2018"
    >
      <option
        key="2017"
        value={2017}
      >
        2017
      </option>
      <option
        key="2018"
        value={2018}
      >
        2018
      </option>
      <option
        key="2019"
        value={2019}
      >
        2019
      </option>
      <option
        key="2020"
        value={2020}
      >
        2020
      </option>
    </Select>
  </InputDate__SelectContainer>
</Flex>
`;

exports[`#InputDate render regular 1`] = `
<Flex
  direction="row"
  x="space-between"
  y="flex-start"
>
  <React.Fragment>
    <InputDate__SelectContainer>
      <Select
        id="test-date"
        onChange={[Function]}
        value="1"
      >
        <option
          key="1"
          value={1}
        >
          1
        </option>
        <option
          key="2"
          value={2}
        >
          2
        </option>
        <option
          key="3"
          value={3}
        >
          3
        </option>
        <option
          key="4"
          value={4}
        >
          4
        </option>
        <option
          key="5"
          value={5}
        >
          5
        </option>
        <option
          key="6"
          value={6}
        >
          6
        </option>
        <option
          key="7"
          value={7}
        >
          7
        </option>
        <option
          key="8"
          value={8}
        >
          8
        </option>
        <option
          key="9"
          value={9}
        >
          9
        </option>
        <option
          key="10"
          value={10}
        >
          10
        </option>
        <option
          key="11"
          value={11}
        >
          11
        </option>
        <option
          key="12"
          value={12}
        >
          12
        </option>
        <option
          key="13"
          value={13}
        >
          13
        </option>
        <option
          key="14"
          value={14}
        >
          14
        </option>
        <option
          key="15"
          value={15}
        >
          15
        </option>
        <option
          key="16"
          value={16}
        >
          16
        </option>
        <option
          key="17"
          value={17}
        >
          17
        </option>
        <option
          key="18"
          value={18}
        >
          18
        </option>
        <option
          key="19"
          value={19}
        >
          19
        </option>
        <option
          key="20"
          value={20}
        >
          20
        </option>
        <option
          key="21"
          value={21}
        >
          21
        </option>
        <option
          key="22"
          value={22}
        >
          22
        </option>
        <option
          key="23"
          value={23}
        >
          23
        </option>
        <option
          key="24"
          value={24}
        >
          24
        </option>
        <option
          key="25"
          value={25}
        >
          25
        </option>
        <option
          key="26"
          value={26}
        >
          26
        </option>
        <option
          key="27"
          value={27}
        >
          27
        </option>
        <option
          key="28"
          value={28}
        >
          28
        </option>
      </Select>
    </InputDate__SelectContainer>
    <InputDate__SelectContainer>
      <Select
        id="test-month"
        onChange={[Function]}
        value="1"
      >
        <option
          key="0"
          value={0}
        >
          <Text
            html={false}
            t="January"
            values={Object {}}
          />
        </option>
        <option
          key="1"
          value={1}
        >
          <Text
            html={false}
            t="February"
            values={Object {}}
          />
        </option>
        <option
          key="2"
          value={2}
        >
          <Text
            html={false}
            t="March"
            values={Object {}}
          />
        </option>
        <option
          key="3"
          value={3}
        >
          <Text
            html={false}
            t="April"
            values={Object {}}
          />
        </option>
        <option
          key="4"
          value={4}
        >
          <Text
            html={false}
            t="May"
            values={Object {}}
          />
        </option>
        <option
          key="5"
          value={5}
        >
          <Text
            html={false}
            t="June"
            values={Object {}}
          />
        </option>
        <option
          key="6"
          value={6}
        >
          <Text
            html={false}
            t="July"
            values={Object {}}
          />
        </option>
        <option
          key="7"
          value={7}
        >
          <Text
            html={false}
            t="August"
            values={Object {}}
          />
        </option>
        <option
          key="8"
          value={8}
        >
          <Text
            html={false}
            t="September"
            values={Object {}}
          />
        </option>
        <option
          key="9"
          value={9}
        >
          <Text
            html={false}
            t="October"
            values={Object {}}
          />
        </option>
        <option
          key="10"
          value={10}
        >
          <Text
            html={false}
            t="November"
            values={Object {}}
          />
        </option>
        <option
          key="11"
          value={11}
        >
          <Text
            html={false}
            t="December"
            values={Object {}}
          />
        </option>
      </Select>
    </InputDate__SelectContainer>
  </React.Fragment>
  <InputDate__SelectContainer>
    <Select
      id="test-year"
      onChange={[Function]}
      value="2018"
    >
      <option
        key="2017"
        value={2017}
      >
        2017
      </option>
      <option
        key="2018"
        value={2018}
      >
        2018
      </option>
      <option
        key="2019"
        value={2019}
      >
        2019
      </option>
      <option
        key="2020"
        value={2020}
      >
        2020
      </option>
    </Select>
  </InputDate__SelectContainer>
</Flex>
`;
