// Jest Snapshot v1, https://goo.gl/fbAQLP

exports[`#CookiesConsent/InfoModal render 1`] = `
<Modal
  onClose={[MockFunction]}
>
  <InfoModal__Container>
    <InfoModal__Title>
      <Text
        html={false}
        t="content.pages.cookies.title"
        values={Object {}}
      />
    </InfoModal__Title>
    <InfoModal__Content>
      <[object Object] />
    </InfoModal__Content>
  </InfoModal__Container>
</Modal>
`;
