// Jest Snapshot v1, https://goo.gl/fbAQLP

exports[`#TranslateNode string 1`] = `
<React.Fragment>
  <span
    dangerouslySetInnerHTML={
      Object {
        "__html": "lol ",
      }
    }
  />
  <span>
    <span>
      lmao
    </span>
  </span>
  <span
    dangerouslySetInnerHTML={
      Object {
        "__html": " kek bur",
      }
    }
  />
</React.Fragment>
`;
