// Jest Snapshot v1, https://goo.gl/fbAQLP

exports[`#Currency render 1`] = `
<Fragment>
  <Mobile
    display="flex"
  >
    <HeaderLinks__Margin>
      <Toggle>
        <Component />
      </Toggle>
    </HeaderLinks__Margin>
  </Mobile>
  <Desktop
    display="flex"
  >
    <Links
      hiddenUrls={
        Object {
          "holidays": false,
          "logitravel": true,
        }
      }
      readyUrls={
        Object {
          "rooms": null,
        }
      }
      searchParams={
        Object {
          "language": "en",
        }
      }
      services={
        Object {
          "items": Array [],
        }
      }
      urlParam="search"
    />
  </Desktop>
</Fragment>
`;
