// Jest Snapshot v1, https://goo.gl/fbAQLP

exports[`#Currency render 1`] = `
<Fragment>
  <HeaderLinks__MediaTablet>
    <Toggle>
      <Component />
    </Toggle>
  </HeaderLinks__MediaTablet>
  <HeaderLinks__MediaDesktop>
    <Links
      provider="none"
    />
  </HeaderLinks__MediaDesktop>
</Fragment>
`;
