// Jest Snapshot v1, https://goo.gl/fbAQLP

exports[`#BaggageOverview render  1`] = `
<BaggageOverview__Wrapper
  spacing="tight"
>
  <Text>
    Baggage
  </Text>
  <NoPersonalItem />
  <BaggageItem
    FAQLinksHandler={[Function]}
    amount={2}
    category="personalItem"
    context="MMB-PassengerCard"
    hasAllPassengersData={false}
    key="0"
    restrictions={
      Object {
        "dimensionsSum": null,
        "height": 20,
        "length": 20,
        "weight": 5,
        "width": 20,
      }
    }
  />
  <BaggageItem
    FAQLinksHandler={[Function]}
    amount={1}
    category="holdBag"
    context="MMB-PassengerCard"
    hasAllPassengersData={false}
    key="1"
    restrictions={
      Object {
        "dimensionsSum": 156,
        "height": 52,
        "length": 78,
        "weight": 10,
        "width": 26,
      }
    }
  />
</BaggageOverview__Wrapper>
`;
