// Jest Snapshot v1, https://goo.gl/fbAQLP

exports[`#BaggageOverview render  1`] = `
<BaggageOverview__Wrapper
  spacing="tight"
>
  <Text>
    Baggage
  </Text>
  <BaggageItem
    amount={2}
    category="personalItem"
    isPassengersShowed={true}
    key="0"
    passengers={
      Array [
        Object {
          "firstName": "Barrack",
          "id": 1,
          "lastName": "Obama",
        },
        Object {
          "firstName": "Donald",
          "id": 2,
          "lastName": "Trump",
        },
      ]
    }
    restrictions={
      Object {
        "dimensionsSum": null,
        "height": 20,
        "length": 20,
        "weight": 5,
        "width": 20,
      }
    }
  />
  <BaggageItem
    amount={4}
    category="cabinBag"
    isPassengersShowed={true}
    key="1"
    passengers={
      Array [
        Object {
          "firstName": "Barrack",
          "id": 1,
          "lastName": "Obama",
        },
        Object {
          "firstName": "Donald",
          "id": 2,
          "lastName": "Trump",
        },
        Object {
          "firstName": "George",
          "id": 3,
          "lastName": "Bush",
        },
      ]
    }
    restrictions={
      Object {
        "dimensionsSum": null,
        "height": 35,
        "length": 45,
        "weight": 10,
        "width": 20,
      }
    }
  />
  <BaggageItem
    amount={2}
    category="holdBag"
    isPassengersShowed={true}
    key="0"
    passengers={
      Array [
        Object {
          "firstName": "Barrack",
          "id": 1,
          "lastName": "Obama",
        },
        Object {
          "firstName": "Donald",
          "id": 2,
          "lastName": "Trump",
        },
      ]
    }
    restrictions={
      Object {
        "dimensionsSum": 156,
        "height": 52,
        "length": 78,
        "weight": 10,
        "width": 26,
      }
    }
  />
</BaggageOverview__Wrapper>
`;
