// Jest Snapshot v1, https://goo.gl/fbAQLP

exports[`#AccountLogin render 1`] = `
<ForwardRef>
  <ModalSection>
    <Illustration
      name="Login"
      size="small"
      spaceAfter="small"
    />
    <Heading
      element="h2"
      spaceAfter="small"
    >
      <Translate
        html={false}
        t="account.manage_your_bookings"
        transform={[Function]}
        values={Object {}}
      />
    </Heading>
    <Text
      spaceAfter="large"
    >
      <Translate
        html={false}
        t="account.sign_in_description"
        transform={[Function]}
        values={Object {}}
      />
    </Text>
  </ModalSection>
  <ModalSection>
    <Text
      spaceAfter="medium"
      weight="bold"
    >
      <Translate
        html={false}
        t="account.sign_in_description"
        transform={[Function]}
        values={Object {}}
      />
    </Text>
    <Stack
      align="end"
      spaceAfter="small"
      spacing="condensed"
    >
      <ForwardRef
        label="account.email"
        onChange={[Function]}
        placeholder="account.email_placeholder"
        type="email"
        value=""
      />
      <Button
        onClick={[Function]}
      >
        <Translate
          html={false}
          t="account.continue"
          transform={[Function]}
          values={Object {}}
        />
      </Button>
    </Stack>
    <Text
      size="small"
    >
      <TextLink
        onClick={[Function]}
        type="secondary"
      >
        <Translate
          html={false}
          t="account.i_dont_have_account"
          transform={[Function]}
          values={Object {}}
        />
      </TextLink>
    </Text>
  </ModalSection>
  <ModalSection
    suppressed={true}
  >
    <Text
      spaceAfter="medium"
      weight="bold"
    >
      <Translate
        html={false}
        t="account.or_social_account"
        transform={[Function]}
        values={Object {}}
      />
    </Text>
    <Stack
      align="end"
      spacing="natural"
    >
      <Button
        block={true}
        bordered={true}
        icon={<Facebook />}
        onClick={[Function]}
        type="facebook"
      >
        <Translate
          html={false}
          t="account.log_in_with"
          transform={[Function]}
          values={
            Object {
              "provider": "Facebook",
            }
          }
        />
      </Button>
      <Button
        block={true}
        bordered={true}
        icon={<Google />}
        onClick={[Function]}
        type="google"
      >
        <Translate
          html={false}
          t="account.log_in_with"
          transform={[Function]}
          values={
            Object {
              "provider": "Google",
            }
          }
        />
      </Button>
    </Stack>
  </ModalSection>
</ForwardRef>
`;
