// Jest Snapshot v1, https://goo.gl/fbAQLP

exports[`#TripDataList render 1`] = `
<TripContainer
  padding={true}
  positionMenuDesktop={50}
  positionMenuTablet={0}
>
  <TripDataList__StateContainer>
    <Translate
      html={false}
      t="common.loading"
      transform={[Function]}
      values={Object {}}
    />
  </TripDataList__StateContainer>
</TripContainer>
`;
