// Jest Snapshot v1, https://goo.gl/fbAQLP

exports[`#SectionHeading render 1`] = `
<Stack
  direction="row"
  spaceAfter="large"
  spacing="compact"
>
  <Airplane />
  <Heading
    element="h3"
    type="title2"
  >
    <Translate
      html={false}
      t="test"
      transform={[Function]}
      values={Object {}}
    />
  </Heading>
</Stack>
`;
