// Jest Snapshot v1, https://goo.gl/fbAQLP

exports[`#AccountPairedFacebook render 1`] = `
<Fragment>
  <ModalHeader>
    <Illustration
      name="Login"
      size="small"
    />
    <Heading
      element="h2"
    >
      <Translate
        html={false}
        t="account.login_title.paired_with_social"
        transform={[Function]}
        values={
          Object {
            "provider": "Facebook",
          }
        }
      />
    </Heading>
    <Text
      t="account.login_description.paired_with_social"
      values={
        Object {
          "provider": "Facebook",
        }
      }
    />
  </ModalHeader>
  <ModalSection>
    <Stack
      desktop={
        Object {
          "direction": "row",
        }
      }
      direction="column"
      flex={true}
      spacing="condensed"
    >
      <Button
        bordered={true}
        icon={<Facebook />}
        onClick={[Function]}
        type="facebook"
      >
        <Translate
          html={false}
          t="account.log_in_with"
          transform={[Function]}
          values={
            Object {
              "provider": "Facebook",
            }
          }
        />
      </Button>
    </Stack>
  </ModalSection>
  <ModalSection>
    <Text
      spaceAfter="normal"
      t="account.send_link_to"
      values={
        Object {
          "email": "kek@bur.com",
        }
      }
    />
    <Button
      onClick={[Function]}
      type="secondary"
    >
      <Translate
        html={false}
        t="account.ask_sign_in_link"
        transform={[Function]}
        values={Object {}}
      />
    </Button>
  </ModalSection>
</Fragment>
`;
