// Jest Snapshot v1, https://goo.gl/fbAQLP

exports[`#AccountPairedFacebook render 1`] = `
<Fragment>
  <ModalHeader>
    <Illustration
      name="Login"
      size="small"
    />
    <Heading
      element="h2"
    >
      <Translate
        html={false}
        t="account.manage_your_bookings"
        transform={[Function]}
        values={Object {}}
      />
    </Heading>
    <Text
      weight="bold"
    >
      <Translate
        html={false}
        t="account.sign_in_description"
        transform={[Function]}
        values={Object {}}
      />
    </Text>
  </ModalHeader>
  <ModalSection>
    <Stack
      desktop={
        Object {
          "direction": "row",
        }
      }
    >
      <Button
        bordered={true}
        icon={<Facebook />}
        onClick={[Function]}
        type="facebook"
      >
        <Translate
          html={false}
          t="account.log_in_with"
          transform={[Function]}
          values={
            Object {
              "provider": "Facebook",
            }
          }
        />
      </Button>
      <Button
        bordered={true}
        icon={<Google />}
        onClick={[Function]}
        type="google"
      >
        <Translate
          html={false}
          t="account.log_in_with"
          transform={[Function]}
          values={
            Object {
              "provider": "Google",
            }
          }
        />
      </Button>
    </Stack>
  </ModalSection>
  <ModalSection>
    <Text
      spaceAfter="normal"
    >
      <Translate
        html={false}
        t="account.send_link_to"
        transform={[Function]}
        values={
          Object {
            "email": "email@example.com",
          }
        }
      />
    </Text>
    <Button
      onClick={[Function]}
      type="secondary"
    >
      <Translate
        html={false}
        t="account.ask_sign_in_link"
        transform={[Function]}
        values={Object {}}
      />
    </Button>
  </ModalSection>
</Fragment>
`;
