// Jest Snapshot v1, https://goo.gl/fbAQLP

exports[`#Desktop render 1`] = `
<StyledComponent
  display="block"
  forwardedComponent={
    Object {
      "$$typeof": Symbol(react.forward_ref),
      "attrs": Array [],
      "componentStyle": ComponentStyle {
        "componentId": "Desktop__Wrapper-z83utc-0",
        "isStatic": false,
        "rules": Array [
          "display:none;",
          "@media ",
          "(min-width: 992px)",
          "{",
          "display:",
          [Function],
          ";",
          ";}",
          ";",
        ],
      },
      "displayName": "Desktop__Wrapper",
      "foldedComponentIds": Array [],
      "render": [Function],
      "styledComponentId": "Desktop__Wrapper-z83utc-0",
      "target": "div",
      "toString": [Function],
      "warnTooManyClasses": [Function],
      "withComponent": [Function],
    }
  }
  forwardedRef={null}
>
  asd
</StyledComponent>
`;
