// Jest Snapshot v1, https://goo.gl/fbAQLP

exports[`#InputDate render mmddyyyy 1`] = `
<Flex
  direction="row"
  wrap="nowrap"
  x="space-between"
  y="flex-start"
>
  <React.Fragment>
    <InputDate__SelectContainer>
      <Months
        id="test"
        months={
          Array [
            0,
            1,
            2,
            3,
            4,
            5,
            6,
            7,
            8,
            9,
            10,
            11,
          ]
        }
        onChange={[Function]}
        value={2018-02-01T00:00:00.000Z}
      />
    </InputDate__SelectContainer>
    <InputDate__SelectContainer>
      <Dates
        dates={
          Array [
            1,
            2,
            3,
            4,
            5,
            6,
            7,
            8,
            9,
            10,
            11,
            12,
            13,
            14,
            15,
            16,
            17,
            18,
            19,
            20,
            21,
            22,
            23,
            24,
            25,
            26,
            27,
            28,
          ]
        }
        id="test"
        onChange={[Function]}
        value={2018-02-01T00:00:00.000Z}
      />
    </InputDate__SelectContainer>
  </React.Fragment>
  <InputDate__SelectContainer>
    <Years
      id="test"
      onChange={[Function]}
      value={2018-02-01T00:00:00.000Z}
      years={
        Array [
          2017,
          2018,
          2019,
          2020,
        ]
      }
    />
  </InputDate__SelectContainer>
</Flex>
`;

exports[`#InputDate render regular 1`] = `
<Flex
  direction="row"
  wrap="nowrap"
  x="space-between"
  y="flex-start"
>
  <React.Fragment>
    <InputDate__SelectContainer>
      <Dates
        dates={
          Array [
            1,
            2,
            3,
            4,
            5,
            6,
            7,
            8,
            9,
            10,
            11,
            12,
            13,
            14,
            15,
            16,
            17,
            18,
            19,
            20,
            21,
            22,
            23,
            24,
            25,
            26,
            27,
            28,
          ]
        }
        id="test"
        onChange={[Function]}
        value={2018-02-01T00:00:00.000Z}
      />
    </InputDate__SelectContainer>
    <InputDate__SelectContainer>
      <Months
        id="test"
        months={
          Array [
            0,
            1,
            2,
            3,
            4,
            5,
            6,
            7,
            8,
            9,
            10,
            11,
          ]
        }
        onChange={[Function]}
        value={2018-02-01T00:00:00.000Z}
      />
    </InputDate__SelectContainer>
  </React.Fragment>
  <InputDate__SelectContainer>
    <Years
      id="test"
      onChange={[Function]}
      value={2018-02-01T00:00:00.000Z}
      years={
        Array [
          2017,
          2018,
          2019,
          2020,
        ]
      }
    />
  </InputDate__SelectContainer>
</Flex>
`;
