// Jest Snapshot v1, https://goo.gl/fbAQLP

exports[`#Months render 1`] = `
<Select
  id="kek-month"
  onChange={[MockFunction]}
  value="0"
>
  <option
    value={0}
  >
    common.months.january
  </option>
  <option
    value={1}
  >
    common.months.february
  </option>
  <option
    value={2}
  >
    common.months.march
  </option>
  <option
    value={3}
  >
    common.months.april
  </option>
  <option
    value={4}
  >
    common.months.may
  </option>
  <option
    value={5}
  >
    common.months.june
  </option>
  <option
    value={6}
  >
    common.months.july
  </option>
  <option
    value={7}
  >
    common.months.august
  </option>
  <option
    value={8}
  >
    common.months.september
  </option>
  <option
    value={9}
  >
    common.months.october
  </option>
  <option
    value={10}
  >
    common.months.november
  </option>
  <option
    value={11}
  >
    common.months.december
  </option>
</Select>
`;
