// Jest Snapshot v1, https://goo.gl/fbAQLP

exports[`#AirportListData render error 1`] = `"<span>Error :(</span>"`;

exports[`#AirportListData render loading 1`] = `null`;

exports[`#AirportListData render results 1`] = `"<button class=\\"AirportResult__Container-s1cbq8wi-0 jtagZs\\"><img class=\\"Flag__Img-s1qr0xtg-0 gThlgw\\" src=\\"//images.kiwi.com/flags/32x32/at.png\\" alt=\\"at\\">Vienna (VIE)</button>"`;
