// Jest Snapshot v1, https://goo.gl/fbAQLP

exports[`#SideNav render 1`] = `
<Fragment>
  <SideNav__MenuOpen
    onClick={[Function]}
  >
    <MenuHamburger />
  </SideNav__MenuOpen>
  <Portal>
    <Transition
      appear={false}
      enter={true}
      exit={true}
      in={false}
      mountOnEnter={false}
      onEnter={[Function]}
      onEntered={[Function]}
      onEntering={[Function]}
      onExit={[Function]}
      onExited={[Function]}
      onExiting={[Function]}
      timeout={250}
      unmountOnExit={false}
    >
      <Component />
    </Transition>
  </Portal>
</Fragment>
`;
