// Jest Snapshot v1, https://goo.gl/fbAQLP

exports[`#CustomerBaggageTile renders 1`] = `
<Tile
  description={
    <TileContent
      handBags={
        Array [
          Object {
            "category": "personalItem",
            "restrictions": Object {
              "dimensionsSum": null,
              "height": 20,
              "length": 20,
              "weight": 5,
              "width": 20,
            },
          },
          Object {
            "category": "cabinBag",
            "restrictions": Object {
              "dimensionsSum": null,
              "height": 35,
              "length": 45,
              "weight": 10,
              "width": 20,
            },
          },
          Object {
            "category": "cabinBag",
            "restrictions": Object {
              "dimensionsSum": null,
              "height": 35,
              "length": 45,
              "weight": 10,
              "width": 20,
            },
          },
        ]
      }
      holdBags={
        Array [
          Object {
            "category": "holdBag",
            "restrictions": Object {
              "dimensionsSum": 156,
              "height": 52,
              "length": 78,
              "weight": 15,
              "width": 26,
            },
          },
          Object {
            "category": "holdBag",
            "restrictions": Object {
              "dimensionsSum": 156,
              "height": 52,
              "length": 78,
              "weight": 15,
              "width": 26,
            },
          },
          Object {
            "category": "holdBag",
            "restrictions": Object {
              "dimensionsSum": 156,
              "height": 52,
              "length": 78,
              "weight": 25,
              "width": 26,
            },
          },
        ]
      }
      orderStatus="unpaid"
    />
  }
  onClick={[Function]}
  title={
    <Title
      firstName="Oliver"
      gender="male"
      lastName="Dlouhy"
      orderStatus="unpaid"
      price={
        Object {
          "amount": 21,
          "base": 21,
          "currency": "EUR",
          "service": 0,
          "serviceFlat": 0,
        }
      }
    />
  }
/>
`;
