// Jest Snapshot v1, https://goo.gl/fbAQLP

exports[`#BookingSavingsBanner render 1`] = `
<Card>
  <CardSection>
    <Stack
      align="start"
      desktop={
        Object {
          "align": "center",
          "direction": "row",
          "spacing": "tight",
        }
      }
      direction="column"
      spacing="natural"
    >
      <Stack
        direction="column"
        inline={true}
        shrink={true}
        spacing="natural"
      >
        <Stack
          direction="column"
          spacing="condensed"
        >
          <Stack
            align="center"
            spacing="condensed"
          >
            <Deals />
            <Heading
              element="h2"
              type="title2"
            >
              <Translate
                html={false}
                t="booking.savings_banner.title"
                transform={[Function]}
                values={Object {}}
              />
            </Heading>
          </Stack>
          <Text
            spaceAfter="medium"
          >
            <Translate
              html={false}
              t="booking.savings_banner.description"
              transform={[Function]}
              values={Object {}}
            />
          </Text>
        </Stack>
        <Stack
          shrink={true}
          wrap={true}
        >
          <Button
            dataTest="saving-banner-button-find-more-trips"
            onClick={[MockFunction]}
            size="small"
            type="secondary"
          >
            <Translate
              html={false}
              t="booking.savings_banner.find_more_trips"
              transform={[Function]}
              values={Object {}}
            />
          </Button>
          <ButtonLink
            component="button"
            dataTest="saving-banner-button-learn-more"
            external={false}
            href="kiwi.com"
            size="small"
            transparent={false}
            type="secondary"
            width={0}
          >
            <Translate
              html={false}
              t="common.learn_more"
              transform={[Function]}
              values={Object {}}
            />
          </ButtonLink>
        </Stack>
      </Stack>
      <Illustration
        name="Money"
        size="small"
      />
    </Stack>
  </CardSection>
</Card>
`;
