// Jest Snapshot v1, https://goo.gl/fbAQLP

exports[`#Mobile render 1`] = `
<StyledComponent
  display="block"
  forwardedClass={
    Object {
      "$$typeof": Symbol(react.forward_ref),
      "attrs": undefined,
      "componentStyle": ComponentStyle {
        "componentId": "Mobile__Wrapper-sc-12in88y-0",
        "isStatic": false,
        "rules": Array [
          "display:",
          [Function],
          ";",
          "@media ",
          "(min-width: 769px)",
          "{",
          "display:none;",
          "}",
          ";",
        ],
      },
      "displayName": "Mobile__Wrapper",
      "render": [Function],
      "styledComponentId": "Mobile__Wrapper-sc-12in88y-0",
      "target": "div",
      "toString": [Function],
      "warnTooManyClasses": [Function],
      "withComponent": [Function],
    }
  }
  forwardedRef={null}
>
  asd
</StyledComponent>
`;
