// Jest Snapshot v1, https://goo.gl/fbAQLP

exports[`#Root should render correctly 1`] = `
<Root__Container>
  <NavBar />
  <Root__MainContent>
    <Title />
    <SearchForm />
    <ExploreLink />
  </Root__MainContent>
  <ClientOnly
    loader={null}
  >
    <Root__CookiesConsentContainer>
      <CookiesConsent />
    </Root__CookiesConsentContainer>
  </ClientOnly>
</Root__Container>
`;
