// Jest Snapshot v1, https://goo.gl/fbAQLP

exports[`#AccountCreate render 1`] = `
<AccountCreate__Wrapper>
  <ModalHeader>
    <Illustration
      name="EnjoyApp"
      size="small"
    />
    <Heading
      element="h2"
    >
      <Text
        html={false}
        t="account.create_account"
        values={Object {}}
      />
    </Heading>
    <Text
      html={false}
      t="account.create_account_description"
      values={Object {}}
    />
  </ModalHeader>
  <ModalSection>
    <Stack
      desktop={
        Object {
          "spacing": "comfy",
        }
      }
    >
      <InputField
        label="account.email"
        onChange={[Function]}
        placeholder="account.email_placeholder"
        type="email"
        value=""
      />
      <InputField
        label="account.password"
        onChange={[Function]}
        type="password"
        value=""
      />
      <InputField
        label="account.password_confirmaiton"
        onChange={[Function]}
        type="password"
        value=""
      />
      <Button
        onClick={[Function]}
      >
        <Text
          html={false}
          t="account.create"
          values={Object {}}
        />
      </Button>
      <Text
        size="small"
      >
        <Text
          html={true}
          t="account.terms_and_privacy_policy"
          values={Object {}}
        />
      </Text>
    </Stack>
  </ModalSection>
</AccountCreate__Wrapper>
`;
