// Jest Snapshot v1, https://goo.gl/fbAQLP

exports[`#AccountPassword render 1`] = `
<React.Fragment>
  <ModalHeader>
    <Illustration
      name="Login"
      size="small"
    />
    <Heading
      element="h2"
    >
      <Text
        html={false}
        t="account.manage_your_bookings"
        values={Object {}}
      />
    </Heading>
    <Text
      weight="bold"
    >
      <Text
        html={false}
        t="account.sign_in_description"
        values={Object {}}
      />
    </Text>
  </ModalHeader>
  <ModalSection>
    <Text
      spaceAfter="medium"
      weight="bold"
    >
      <Stack
        desktop={
          Object {
            "direction": "row",
            "spacing": "tight",
          }
        }
      >
        <Text
          weight="bold"
        >
          example@example.com
        </Text>
        <TextLink
          onClick={[Function]}
          type="primary"
        >
          <Edit
            size="small"
          />
        </TextLink>
      </Stack>
    </Text>
    <Stack
      desktop={
        Object {
          "align": "end",
          "direction": "row",
          "spacing": "condensed",
        }
      }
    >
      <InputField
        label="account.password"
        onChange={[Function]}
        type="password"
        value="asdfg"
      />
      <Button
        onClick={[Function]}
      >
        <Text
          html={false}
          t="account.sign_in"
          values={Object {}}
        />
      </Button>
    </Stack>
  </ModalSection>
  <ModalSection>
    <Text
      spaceAfter="normal"
    >
      <Text
        html={false}
        t="account.send_link_to"
        values={
          Object {
            "email": "example@example.com",
          }
        }
      />
    </Text>
    <Button
      onClick={[Function]}
      type="secondary"
    >
      <Text
        html={false}
        t="account.ask_sign_in_link"
        values={Object {}}
      />
    </Button>
  </ModalSection>
</React.Fragment>
`;
