// Jest Snapshot v1, https://goo.gl/fbAQLP

exports[`#AccountPassword render 1`] = `
<React.Fragment>
  <ModalHeader>
    <Illustration
      name="Login"
      size="small"
    />
    <Heading
      element="h2"
    >
      <Translate
        html={false}
        t="account.manage_your_bookings"
        transform={[Function]}
        values={Object {}}
      />
    </Heading>
    <Text
      weight="bold"
    >
      <Translate
        html={false}
        t="account.sign_in_description"
        transform={[Function]}
        values={Object {}}
      />
    </Text>
  </ModalHeader>
  <ModalSection>
    <Text
      spaceAfter="medium"
      weight="bold"
    >
      <Stack
        align="center"
        flex={true}
        spacing="tight"
      >
        <Text
          weight="bold"
        >
          kek@bur.com
        </Text>
        <TextLink
          onClick={[Function]}
          type="primary"
        >
          <Edit
            size="small"
          />
        </TextLink>
      </Stack>
    </Text>
    <Stack
      align="end"
      spacing="condensed"
    >
      <ForwardRef
        label="account.password"
        onChange={[Function]}
        type="password"
        value="kek"
      />
      <Button
        onClick={[Function]}
      >
        <Translate
          html={false}
          t="account.sign_in"
          transform={[Function]}
          values={Object {}}
        />
      </Button>
    </Stack>
  </ModalSection>
  <ModalSection>
    <Text
      spaceAfter="normal"
    >
      <Translate
        html={false}
        t="account.send_link_to"
        transform={[Function]}
        values={
          Object {
            "email": "kek@bur.com",
          }
        }
      />
    </Text>
    <Button
      onClick={[Function]}
      type="secondary"
    >
      <Translate
        html={false}
        t="account.ask_sign_in_link"
        transform={[Function]}
        values={Object {}}
      />
    </Button>
  </ModalSection>
</React.Fragment>
`;
