// Jest Snapshot v1, https://goo.gl/fbAQLP

exports[`#AccountPassword render 1`] = `
<React.Fragment>
  <Illustration
    name="Login"
    size="small"
  />
  <AccountPassword__SpacingXSmall>
    <Heading
      element="h2"
    >
      <Text
        html={false}
        t="account.manage_your_bookings"
        values={Object {}}
      />
    </Heading>
  </AccountPassword__SpacingXSmall>
  <Text
    weight="bold"
  >
    <Text
      html={false}
      t="account.sign_in_description"
      values={Object {}}
    />
  </Text>
  <AccountPassword__Ruler />
  <AccountPassword__SpacingMedium>
    <Text>
      <Text
        html={false}
        t="account.email"
        values={Object {}}
      />
    </Text>
    <Text
      weight="bold"
    >
      example@example.com
      <TextLink
        onClick={[Function]}
        type="primary"
      >
        <Edit
          size="small"
        />
      </TextLink>
    </Text>
  </AccountPassword__SpacingMedium>
  <Flex
    direction="row"
    wrap="nowrap"
    x="flex-start"
    y="flex-end"
  >
    <span
      style={
        Object {
          "flexGrow": 1,
          "marginRight": "8px",
        }
      }
    >
      <InputField
        label="account.password"
        onChange={[Function]}
        type="password"
        value="asdfg"
      />
    </span>
    <Button
      onClick={[Function]}
    >
      <Text
        html={false}
        t="account.sign_in"
        values={Object {}}
      />
    </Button>
  </Flex>
  <AccountPassword__Ruler />
  <AccountPassword__SpacingXSmall>
    <Text>
      <Text
        html={false}
        t="account.send_link_to"
        values={
          Object {
            "email": "example@example.com",
          }
        }
      />
    </Text>
  </AccountPassword__SpacingXSmall>
  <Button
    onClick={[Function]}
    type="secondary"
  >
    <Text
      html={false}
      t="account.ask_sign_in_link"
      values={Object {}}
    />
  </Button>
</React.Fragment>
`;
