// Jest Snapshot v1, https://goo.gl/fbAQLP

exports[`#MyBooking handle submit action error 1`] = `
<ContextConsumer>
  <Component />
</ContextConsumer>
`;

exports[`#MyBooking not handle non-existent field 1`] = `
Object {
  "error": null,
  "fields": Object {
    "asdf": Object {
      "error": undefined,
      "value": "omfg",
    },
    "bid": Object {
      "error": "forms.this_field_must_be_filled",
      "normalize": [Function],
      "validate": [Function],
      "value": "",
    },
    "departure": Object {
      "error": "",
      "normalize": [Function],
      "validate": [Function],
      "value": 2020-01-01T00:00:00.000Z,
    },
    "email": Object {
      "error": "forms.this_field_must_be_filled",
      "normalize": [Function],
      "validate": [Function],
      "value": "",
    },
    "iata": Object {
      "error": "forms.enter_iata_code",
      "normalize": [Function],
      "validate": [Function],
      "value": "",
    },
  },
  "submitted": false,
}
`;

exports[`#MyBooking render 1`] = `
<ContextConsumer>
  <Component />
</ContextConsumer>
`;

exports[`#MyBooking render error 1`] = `
<ContextConsumer>
  <Component />
</ContextConsumer>
`;
