// Jest Snapshot v1, https://goo.gl/fbAQLP

exports[`#AccountNoAccount render 1`] = `
<Fragment>
  <ModalHeader>
    <Illustration
      name="NoBookings"
      size="small"
    />
    <Heading
      element="h2"
    >
      <Text
        html={false}
        t="account.no_bookings_or_account"
        values={Object {}}
      />
    </Heading>
    <Text>
      <Text
        html={false}
        t="account.no_bookings_or_account_description"
        values={Object {}}
      />
    </Text>
  </ModalHeader>
  <ModalSection>
    <Stack
      desktop={
        Object {
          "spacing": "natural",
        }
      }
    >
      <Button
        onClick={[Function]}
      >
        <Text
          html={false}
          t="account.register"
          values={Object {}}
        />
      </Button>
      <AccountNoAccount__Align>
        <ButtonLink
          component="button"
          external={false}
          iconLeft={<ChevronLeft />}
          onClick={[Function]}
          size="normal"
          transparent={false}
          type="secondary"
          width={0}
        >
          <Text
            html={false}
            t="account.back"
            values={Object {}}
          />
        </ButtonLink>
      </AccountNoAccount__Align>
    </Stack>
  </ModalSection>
  <ModalSection
    suppressed={true}
  >
    <Text
      spaceAfter="medium"
      weight="bold"
    >
      <Text
        html={false}
        t="account.or_social_account"
        values={Object {}}
      />
    </Text>
    <Stack
      desktop={
        Object {
          "direction": "row",
          "spacing": "natural",
        }
      }
    >
      <Button
        block={true}
        bordered={true}
        icon={<Facebook />}
        onClick={[Function]}
        type="facebook"
      >
        <Text
          html={false}
          t="account.log_in_with"
          values={
            Object {
              "provider": "Facebook",
            }
          }
        />
      </Button>
      <Button
        block={true}
        bordered={true}
        icon={<Google />}
        onClick={[Function]}
        type="google"
      >
        <Text
          html={false}
          t="account.log_in_with"
          values={
            Object {
              "provider": "Google",
            }
          }
        />
      </Button>
    </Stack>
  </ModalSection>
</Fragment>
`;
