// Jest Snapshot v1, https://goo.gl/fbAQLP

exports[`#TravelDates render 1`] = `
<Fragment>
  <Heading
    element="h4"
    spaceAfter="medium"
    type="title3"
  >
    <Translate
      html={false}
      t="holidays.detail.travel_dates"
      transform={[Function]}
      values={Object {}}
    />
  </Heading>
  <Stack
    direction="row"
    spacing="compact"
  >
    <Calendar
      color="primary"
    />
    <Text>
      <Translate
        html={true}
        t="holidays.from_x_till_x_"
        transform={[Function]}
        values={
          Object {
            "from": "Fri 20 Nov",
            "to": "Sun 4 Dec",
          }
        }
      />
      <br />
      <Translate
        html={false}
        t="holidays.x_nights_in_restort"
        transform={[Function]}
        values={
          Object {
            "num": 11,
          }
        }
      />
    </Text>
  </Stack>
</Fragment>
`;
