// Jest Snapshot v1, https://goo.gl/fbAQLP

exports[`#MulticityTrips render 1`] = `
<TripItem
  arrivalCity="Phoenix"
  arrivalTime="2018-02-27T13:55:00.000Z"
  bid="Qm9va2luZ011bHRpY2l0eTo1MzI1MjQ4"
  countOtherCities={0}
  departureCity="Wroclaw"
  departureTime="2018-01-26T19:30:00.000Z"
  img="url"
  multicityFirst=""
  onSelect={[MockFunction]}
  passengerCount={1}
/>
`;
