// Jest Snapshot v1, https://goo.gl/fbAQLP

exports[`#Title renders 1`] = `
<Title__TitleWrapper>
  <Stack
    align="center"
    inline={true}
    spacing="condensed"
  >
    <GenderMan />
    <Title__PassengerName>
      Oliver
        Olix
        Dlouhy
    </Title__PassengerName>
  </Stack>
  <TitleBadge
    orderStatus="unpaid"
    price={21}
  />
</Title__TitleWrapper>
`;
