// Jest Snapshot v1, https://goo.gl/fbAQLP

exports[`#Title renders 1`] = `
<Title__TitleWrapper>
  <Stack
    align="center"
    inline={true}
    spacing="condensed"
  >
    <GenderMan />
    <Text
      element="span"
      size="large"
      weight="bold"
    >
      Oliver
        Olix
        Dlouhy
    </Text>
  </Stack>
  <TitleBadge
    orderStatus="unpaid"
    price={21}
  />
</Title__TitleWrapper>
`;
