// Jest Snapshot v1, https://goo.gl/fbAQLP

exports[`#BaggagePaymentSummary renders 1`] = `
<Card>
  <CardSection>
    <PassengerBaggages
      baggage={
        Object {
          "handBag": Array [
            Object {
              "amount": 1,
              "category": "personalItem",
              "conditions": Object {
                "passengerGroups": Array [
                  "adult",
                ],
              },
              "restrictions": Object {
                "dimensionsSum": null,
                "height": 20,
                "length": 20,
                "weight": 5,
                "width": 20,
              },
            },
          ],
          "holdBag": Array [
            Object {
              "amount": 1,
              "category": "holdBag",
              "conditions": Object {
                "passengerGroups": Array [
                  "adult",
                ],
              },
              "restrictions": Object {
                "dimensionsSum": 156,
                "height": 52,
                "length": 78,
                "weight": 10,
                "width": 26,
              },
            },
          ],
        }
      }
      firstName="Barrack"
      id={1}
      key="1"
      lastName="Obama"
      price={10.11}
    />
    <PassengerBaggages
      baggage={
        Object {
          "handBag": Array [
            Object {
              "amount": 1,
              "category": "cabinBag",
              "conditions": Object {
                "passengerGroups": Array [
                  "adult",
                ],
              },
              "restrictions": Object {
                "dimensionsSum": null,
                "height": 35,
                "length": 45,
                "weight": 10,
                "width": 20,
              },
            },
          ],
          "holdBag": Array [
            Object {
              "amount": 1,
              "category": "holdBag",
              "conditions": Object {
                "passengerGroups": Array [
                  "adult",
                ],
              },
              "restrictions": Object {
                "dimensionsSum": 156,
                "height": 52,
                "length": 78,
                "weight": 15,
                "width": 26,
              },
            },
          ],
        }
      }
      firstName="Donald"
      id={1}
      key="1"
      lastName="Trump"
      price={30.33}
    />
    <Separator
      spaceAfter="large"
    />
    <TotalPayment
      totalPrice={40.44}
    />
  </CardSection>
</Card>
`;
