// Jest Snapshot v1, https://goo.gl/fbAQLP

exports[`#Language render - flat 1`] = `
<ContextConsumer>
  <Component />
</ContextConsumer>
`;

exports[`#Language render - native (hidden text) 1`] = `
<ContextConsumer>
  <Component />
</ContextConsumer>
`;

exports[`#Language render - native 1`] = `
<ContextConsumer>
  <Component />
</ContextConsumer>
`;

exports[`#Language render 1`] = `
<ContextConsumer>
  <Component />
</ContextConsumer>
`;
