// Jest Snapshot v1, https://goo.gl/fbAQLP

exports[`#Language/NativePicker render 1`] = `
<NativeGroupedSelect
  divider="-----------------"
  groups={
    Array [
      Object {
        "items": Array [
          Object {
            "text": "English",
            "value": "en",
          },
        ],
        "key": "current",
      },
      Object {
        "items": Array [
          Object {
            "text": "English",
            "value": "en",
          },
        ],
        "key": "all",
      },
    ]
  }
  hideNativeText={false}
  icon={
    <CountryFlag
      code="gb"
    />
  }
  onChange={[MockFunction]}
  value="en"
/>
`;
